// Jest Snapshot v1, https://goo.gl/fbAQLP

exports[`Testing al cliente Es Nicolás Felipe 1`] = `
Object {
  "balance": 500,
  "nombre": "Nicolás Felipe",
  "tipo": "Premium",
}
`;
